[www.azgaragedoor.net/index.html]
[backblue.gif]
[fade.gif]
[index.html]
[www.azgaragedoor.net/wp-includes/css/dist/block-library/style.min6c2d.css]
[www.azgaragedoor.net/wp-includes/js/mediaelement/mediaelementplayer-legacy.min1f61.css]
[www.azgaragedoor.net/wp-includes/js/mediaelement/wp-mediaelement.min6c2d.css]
[www.azgaragedoor.net/wp-content/plugins/contact-form-7/includes/css/styles6a4d.css]
[www.azgaragedoor.net/wp-content/plugins/honeypot/includes/css/wpa493d.css]
[www.azgaragedoor.net/feed/index.html]
[www.azgaragedoor.net/wp-includes/css/dashicons.min6c2d.css]
[www.azgaragedoor.net/wp-content/themes/theme-mayfair/dist/css/bundle-a4b0e4723f6c2d.css]
[www.azgaragedoor.net/comments/feed/index.html]
[www.azgaragedoor.net/wp-content/plugins/ultimate-addons-for-contact-form-7/assets/css/form-style6c2d.css]
[www.azgaragedoor.net/wp-content/plugins/ultimate-addons-for-contact-form-7/addons/range-slider/css/style6c2d.css]
[www.azgaragedoor.net/wp-includes/js/jquery/jquery.minf43b.js]
[www.azgaragedoor.net/wp-includes/js/jquery/jquery-migrate.min5589.js]
[www.azgaragedoor.net/wp-json/wp/v2/pages/19.json]
[www.azgaragedoor.net/wp-json/index.html]
[www.azgaragedoor.net/xmlrpc0db0.php]
[www.azgaragedoor.net/wp-json/oembed/1.0/embed86b9.json]
[www.azgaragedoor.net/wp-json/oembed/1.0/embed52eb]
[www.azgaragedoor.net/wp-content/uploads/2025/07/FAVICON-120x120.webp]
[www.azgaragedoor.net/wp-content/uploads/2025/07/FAVICON-300x300.webp]
[www.azgaragedoor.net/wp-content/uploads/2025/07/Garage-Door-Solutions-5.webp]
[www.azgaragedoor.net/wp-content/uploads/2025/07/Garage-Door-Solutions-19.webp]
[www.azgaragedoor.net/wp-content/uploads/2022/06/phone-call.svg]
[www.azgaragedoor.net/wp-content/uploads/2022/06/Map-marker.svg]
[www.azgaragedoor.net/wp-content/uploads/2025/07/AZ-Garage-Door-Repairs-inc.-Tucson-AZ.svg]
[www.azgaragedoor.net/wp-content/uploads/2025/07/Garage-Door-Solutions.webp]
[www.azgaragedoor.net/wp-content/uploads/2025/07/1.png]
[www.azgaragedoor.net/wp-content/uploads/2025/07/flipcard-bg.webp]
[www.azgaragedoor.net/contact/index.html]
[www.azgaragedoor.net/wp-content/uploads/2025/07/2.png]
[www.azgaragedoor.net/wp-content/uploads/2025/07/3.png]
[www.azgaragedoor.net/wp-content/uploads/2025/07/4.png]
[www.azgaragedoor.net/wp-content/uploads/2025/07/5.png]
[www.azgaragedoor.net/about/index.html]
[www.azgaragedoor.net/wp-content/uploads/2025/07/Garage-Door-Solutions-1-3.webp]
[www.azgaragedoor.net/wp-content/uploads/2025/07/Garage-Door-Solutions-20.webp]
[www.azgaragedoor.net/wp-content/uploads/2025/07/Garage-Door-Solutions-21.webp]
[www.azgaragedoor.net/wp-content/uploads/2025/07/Garage-Door-Solutions-1-4.webp]
[www.azgaragedoor.net/services/garage-door-installers/index.html]
[www.azgaragedoor.net/wp-content/uploads/2022/07/time-outline.svg]
[www.azgaragedoor.net/wp-content/uploads/2025/07/map-hor.webp]
[www.azgaragedoor.net/wp-content/uploads/2022/07/expand-outline.svg]
[www.azgaragedoor.net/wp-content/uploads/2025/07/map-full-screen.webp]
[www.azgaragedoor.net/services/garage-door-replacement-service/index.html]
[www.azgaragedoor.net/wp-content/uploads/2025/07/WHITE-AZ-Garage-Door-Repairs-inc.-Tucson-AZ.svg]
[www.azgaragedoor.net/wp-includes/js/dist/hooks.min4fdd.js]
[www.azgaragedoor.net/wp-includes/js/dist/i18n.minc33c.js]
[www.azgaragedoor.net/services/garage-door-opener-installers/index.html]
[www.azgaragedoor.net/wp-content/plugins/contact-form-7/includes/swv/js/index6a4d.js]
[www.azgaragedoor.net/wp-content/plugins/contact-form-7/includes/js/index6a4d.js]
[www.azgaragedoor.net/wp-content/plugins/honeypot/includes/js/wpa493d.js]
[www.azgaragedoor.net/wp-content/plugins/my-reviews/build/index91ce.js]
[www.azgaragedoor.net/wp-content/plugins/wpcf7-redirect/build/assets/frontend-script413f.js]
[www.azgaragedoor.net/services/garage-door-spring-repair/index.html]
[www.azgaragedoor.net/wp-content/themes/theme-mayfair/dist/js/bundle-d14234a39a.js]
[www.azgaragedoor.net/services/garage-door-seal-replacement/index.html]
[www.azgaragedoor.net/areas-we-serve/index.html]
[www.azgaragedoor.net/gallery/index.html]
[cdnjs.cloudflare.com/polyfill/v3/polyfill.min1e11.js]
[www.azgaragedoor.net/wp-includes/js/comment-reply.min6c2d.js]
[www.azgaragedoor.net/privacy-policy/index.html]
[cdnjs.cloudflare.com/ajax/libs/jqueryui/1.12.1/jquery-ui.min6c2d.js]
[www.azgaragedoor.net/wp-content/plugins/ultimate-addons-for-contact-form-7/addons/range-slider/js/range-slider6c2d.js]
[cdnjs.cloudflare.com/ajax/libs/jqueryui-touch-punch/0.2.3/jquery.ui.touch-punch.min6c2d.js]
[www.google.com/recaptcha/api0211.js]
[www.azgaragedoor.net/wp-includes/js/dist/vendor/wp-polyfill.min2c7c.js]
[www.azgaragedoor.net/wp-content/plugins/contact-form-7/modules/recaptcha/index6a4d.js]
[stats.wp.com/e-202532.js]
[www.azgaragedoor.net/wp-content/plugins/akismet/_inc/akismet-frontendda83.js]
[secure.gaug.es/track.js]
[www.azgaragedoor.net/index.html]
[www.azgaragedoor.net/xmlrpc.php]
[www.azgaragedoor.net/wp-includes/css/dist/block-library/style.min6c2d.css]
[www.azgaragedoor.net/wp-includes/js/mediaelement/mediaelementplayer-legacy.min1f61.css]
[www.azgaragedoor.net/wp-includes/js/mediaelement/wp-mediaelement.min6c2d.css]
[www.azgaragedoor.net/wp-content/plugins/contact-form-7/includes/css/styles6a4d.css]
[www.azgaragedoor.net/wp-content/plugins/honeypot/includes/css/wpa493d.css]
[www.azgaragedoor.net/wp-includes/js/mediaelement/mejs-controls.svg]
[www.azgaragedoor.net/wp-includes/fonts/dashicons7d4b.eot]
[www.azgaragedoor.net/wp-includes/css/dashicons.min6c2d.css]
[www.azgaragedoor.net/wp-content/plugins/wpcf7-redirect/build/assets/frontend-script413f.css]
[www.azgaragedoor.net/wp-includes/fonts/dashicons7d4b.ttf]
[www.azgaragedoor.net/wp-content/themes/theme-mayfair/dist/fonts/@fortawesome/fontawesome-free/webfonts/fa-brands-400.woff2]
[www.azgaragedoor.net/wp-content/themes/theme-mayfair/dist/fonts/@fortawesome/fontawesome-free/webfonts/fa-regular-400.woff2]
[www.azgaragedoor.net/wp-content/themes/theme-mayfair/dist/fonts/@fortawesome/fontawesome-free/webfonts/fa-solid-900.woff2]
[www.azgaragedoor.net/wp-content/themes/theme-mayfair/dist/images/jquery-ui-dist/images/ui-icons_444444_256x240.png]
[www.azgaragedoor.net/wp-content/themes/theme-mayfair/dist/images/jquery-ui-dist/images/ui-icons_555555_256x240.png]
[www.azgaragedoor.net/wp-content/themes/theme-mayfair/dist/images/jquery-ui-dist/images/ui-icons_ffffff_256x240.png]
[www.azgaragedoor.net/wp-content/themes/theme-mayfair/dist/images/jquery-ui-dist/images/ui-icons_777620_256x240.png]
[www.azgaragedoor.net/wp-content/themes/theme-mayfair/dist/images/jquery-ui-dist/images/ui-icons_cc0000_256x240.png]
[www.azgaragedoor.net/wp-content/themes/theme-mayfair/dist/images/jquery-ui-dist/images/ui-icons_777777_256x240.png]
[www.azgaragedoor.net/wp-content/themes/theme-mayfair/dist/fonts/icons-mayfair/mayfair-icons6383.eot]
[www.azgaragedoor.net/wp-content/themes/theme-mayfair/dist/fonts/icons-mayfair/mayfair-icons6383.ttf]
[www.azgaragedoor.net/wp-content/themes/theme-mayfair/dist/fonts/icons-mayfair/mayfair-icons.woff]
[www.azgaragedoor.net/wp-content/themes/theme-mayfair/dist/fonts/icons-mayfair/mayfair-icons.svg]
[www.azgaragedoor.net/wp-content/themes/theme-mayfair/dist/images/svgs/dots.svg]
[www.azgaragedoor.net/wp-content/themes/theme-mayfair/dist/images/pngs/timeline-img.png]
[www.azgaragedoor.net/wp-content/themes/theme-mayfair/dist/images/svgs/lines_circle.svg]
[www.azgaragedoor.net/wp-content/themes/theme-mayfair/dist/images/svgs/dots_circle.svg]
[www.azgaragedoor.net/wp-content/themes/theme-mayfair/dist/images/pngs/dots.png]
[www.azgaragedoor.net/wp-content/themes/theme-mayfair/dist/css/bundle-a4b0e4723f6c2d.css]
[www.azgaragedoor.net/wp-content/themes/theme-mayfair/style6c2d.css]
[www.azgaragedoor.net/wp-content/plugins/ultimate-addons-for-contact-form-7/assets/css/uacf7-frontend6c2d.css]
[www.azgaragedoor.net/wp-content/plugins/ultimate-addons-for-contact-form-7/assets/css/form-style6c2d.css]
[www.azgaragedoor.net/wp-content/plugins/ultimate-addons-for-contact-form-7/addons/range-slider/css/style6c2d.css]
[www.googletagmanager.com/gtm5445.html]
[www.azgaragedoor.net/wp-content/themes/theme-mayfair/dist/images/svgs/info-icon.svg]
[www.azgaragedoor.net/wp-json/wp/v2/pages/280.json]
[www.azgaragedoor.net/wp-json/oembed/1.0/embedb8d0.json]
[www.azgaragedoor.net/wp-json/oembed/1.0/embedc655]
[www.azgaragedoor.net/wp-content/uploads/2025/07/map-about.webp]
[www.azgaragedoor.net/contact/index.html]
[www.azgaragedoor.net/wp-content/uploads/2022/06/phone-call.svg]
[www.azgaragedoor.net/wp-content/uploads/2022/06/Map-marker.svg]
[www.azgaragedoor.net/wp-content/uploads/2025/07/AZ-Garage-Door-Repairs-inc.-Tucson-AZ.svg]
[www.azgaragedoor.net/wp-json/wp/v2/pages/528.json]
[www.azgaragedoor.net/wp-json/oembed/1.0/embede0cb.json]
[www.azgaragedoor.net/wp-json/oembed/1.0/embede4f7]
[www.azgaragedoor.net/about/index.html]
[www.azgaragedoor.net/wp-content/uploads/2025/07/about.webp]
[www.azgaragedoor.net/wp-json/oembed/1.0/embedd695.json]
[www.azgaragedoor.net/wp-json/oembed/1.0/embed68f0]
[www.azgaragedoor.net/services/garage-door-installers/index.html]
[www.azgaragedoor.net/wp-content/uploads/2025/07/Garage-Door-Installation.webp]
[www.azgaragedoor.net/services/index.html]
[www.azgaragedoor.net/wp-json/oembed/1.0/embedd0ce.json]
[www.azgaragedoor.net/wp-json/oembed/1.0/embed14f6]
[www.azgaragedoor.net/services/garage-door-replacement-service/index.html]
[www.azgaragedoor.net/wp-content/uploads/2025/07/Garage-Door-Replacement.webp]
[www.azgaragedoor.net/wp-json/oembed/1.0/embedc643.json]
[www.azgaragedoor.net/wp-json/oembed/1.0/embed0ca1]
[www.azgaragedoor.net/wp-content/uploads/2025/07/Garage-Door-Opener-Installation-Repair.webp]
[www.azgaragedoor.net/services/garage-door-opener-installers/index.html]
[www.azgaragedoor.net/wp-json/oembed/1.0/embedfa63.json]
[www.azgaragedoor.net/wp-json/oembed/1.0/embed2c30]
[www.azgaragedoor.net/services/garage-door-spring-repair/index.html]
[www.azgaragedoor.net/wp-content/uploads/2025/07/Garage-Door-Spring-Repair.webp]
[www.azgaragedoor.net/wp-json/oembed/1.0/embede973.json]
[www.azgaragedoor.net/wp-json/oembed/1.0/embed3b4e]
[www.azgaragedoor.net/services/garage-door-seal-replacement/index.html]
[www.azgaragedoor.net/wp-content/uploads/2025/07/Garage-Door-Seals-Weatherproofing.webp]
[www.azgaragedoor.net/wp-json/wp/v2/pages/322.json]
[www.azgaragedoor.net/wp-json/oembed/1.0/embed742e.json]
[www.azgaragedoor.net/areas-we-serve/index.html]
[www.azgaragedoor.net/wp-json/oembed/1.0/embede77d]
[www.azgaragedoor.net/wp-json/wp/v2/pages/270.json]
[www.azgaragedoor.net/wp-json/oembed/1.0/embed3106.json]
[www.azgaragedoor.net/gallery/index.html]
[www.azgaragedoor.net/wp-content/themes/theme-mayfair/dist/images/svgs/right-arrow.svg]
[www.azgaragedoor.net/wp-content/uploads/2022/07/time-outline.svg]
[www.azgaragedoor.net/wp-content/uploads/2022/07/expand-outline.svg]
[www.azgaragedoor.net/wp-content/uploads/2025/07/WHITE-AZ-Garage-Door-Repairs-inc.-Tucson-AZ.svg]
[www.azgaragedoor.net/privacy-policy/index.html]
[www.azgaragedoor.net/wp-content/plugins/ultimate-addons-for-contact-form-7/addons/range-slider/css/uacf7-range.css]
[www.azgaragedoor.net/wp-includes/js/mediaelement/mejs-controls.svg]
[www.azgaragedoor.net/wp-content/themes/theme-mayfair/dist/webfonts/fa-brands-400.html]
[www.azgaragedoor.net/wp-content/themes/theme-mayfair/dist/webfonts/fa-regular-400.html]
[www.azgaragedoor.net/wp-content/themes/theme-mayfair/dist/webfonts/fa-solid-900.html]
[www.azgaragedoor.net/wp-content/themes/theme-mayfair/dist/fonts/icons-mayfair/mayfair-icons.svg]
[www.azgaragedoor.net/wp-content/themes/theme-mayfair/dist/images/svgs/left-arrow.svg]
[www.azgaragedoor.net/wp-content/themes/theme-mayfair/dist/images/svgs/check_icon.svg]
[www.azgaragedoor.net/wp-content/themes/theme-mayfair/dist/images/svgs/dots.svg]
[www.azgaragedoor.net/wp-content/themes/theme-mayfair/dist/images/svgs/plus-icon.svg]
[www.azgaragedoor.net/wp-content/themes/theme-mayfair/dist/images/svgs/minus-icon.svg]
[www.azgaragedoor.net/wp-content/themes/theme-mayfair/dist/images/svgs/lines_circle.svg]
[www.azgaragedoor.net/wp-content/themes/theme-mayfair/dist/images/svgs/dots_circle.svg]
[www.azgaragedoor.net/index90dd.html]
[www.azgaragedoor.net/index4976.html]
[www.azgaragedoor.net/indexf167.html]
[code.jquery.com/ui/1.12.1/themes/base/jquery-ui6c2d.css]
[www.azgaragedoor.net/wp-json/oembed/1.0/embed4a17]
[www.azgaragedoor.net/wp-json/wp/v2/pages/281.json]
[www.azgaragedoor.net/wp-json/oembed/1.0/embed76e6.json]
[www.azgaragedoor.net/services/index.html]
[www.azgaragedoor.net/index2915.html]
[www.azgaragedoor.net/indexdd01.html]
[www.azgaragedoor.net/index6543.html]
[www.azgaragedoor.net/indexd728.html]
[www.azgaragedoor.net/indexeffc.html]
[www.azgaragedoor.net/index5295.html]
[code.jquery.com/ui/1.12.1/themes/base/images/ui-icons_444444_256x240.png]
[code.jquery.com/ui/1.12.1/themes/base/images/ui-icons_555555_256x240.png]
[www.azgaragedoor.net/wp-json/oembed/1.0/embed492d]
[code.jquery.com/ui/1.12.1/themes/base/images/ui-icons_ffffff_256x240.png]
[code.jquery.com/ui/1.12.1/themes/base/images/ui-icons_777620_256x240.png]
[code.jquery.com/ui/1.12.1/themes/base/images/ui-icons_cc0000_256x240.png]
[code.jquery.com/ui/1.12.1/themes/base/images/ui-icons_777777_256x240.png]
[code.jquery.com/ui/1.12.1/themes/base/jquery-ui6c2d.css]
[www.azgaragedoor.net/index73fa.html]
